Category: 央视频道, Name: CCTV-1, Total: 3, Valid: 2, Valid Percent: 66.67%, Whitelist: 0, IPv4: 2, IPv6: 1, Min Delay: 554 ms, Max Speed: 7.51 M/s, Avg Speed: 7.51 M/s, Max Resolution: 1920x1080
Category: 央视频道, Name: CCTV-2, Total: 2, Valid: 1, Valid Percent: 50.00%, Whitelist: 0, IPv4: 1, IPv6: 1, Min Delay: 554 ms, Max Speed: 7.51 M/s, Avg Speed: 7.51 M/s, Max Resolution: 1920x1080
Category: 央视频道, Name: CCTV-3, Total: 2, Valid: 1, Valid Percent: 50.00%, Whitelist: 0, IPv4: 1, IPv6: 1, Min Delay: 554 ms, Max Speed: 7.51 M/s, Avg Speed: 7.51 M/s, Max Resolution: 1920x1080
Category: 央视频道, Name: CCTV-4, Total: 3, Valid: 2, Valid Percent: 66.67%, Whitelist: 0, IPv4: 2, IPv6: 1, Min Delay: 619 ms, Max Speed: 6.23 M/s, Avg Speed: 6.23 M/s, Max Resolution: 1920x1080
Category: 央视频道, Name: CCTV-5, Total: 2, Valid: 1, Valid Percent: 50.00%, Whitelist: 0, IPv4: 1, IPv6: 1, Min Delay: 619 ms, Max Speed: 6.23 M/s, Avg Speed: 6.23 M/s, Max Resolution: 1920x1080
Category: 央视频道, Name: CCTV-5+, Total: 2, Valid: 1, Valid Percent: 50.00%, Whitelist: 0, IPv4: 1, IPv6: 1, Min Delay: 554 ms, Max Speed: 7.51 M/s, Avg Speed: 7.51 M/s, Max Resolution: 1920x1080
Category: 央视频道, Name: CCTV-6, Total: 2, Valid: 1, Valid Percent: 50.00%, Whitelist: 0, IPv4: 1, IPv6: 1, Min Delay: 554 ms, Max Speed: 7.51 M/s, Avg Speed: 7.51 M/s, Max Resolution: 1920x1080
Category: 央视频道, Name: CCTV-7, Total: 2, Valid: 1, Valid Percent: 50.00%, Whitelist: 0, IPv4: 1, IPv6: 1, Min Delay: 554 ms, Max Speed: 7.51 M/s, Avg Speed: 7.51 M/s, Max Resolution: 1920x1080
Category: 央视频道, Name: CCTV-8, Total: 2, Valid: 1, Valid Percent: 50.00%, Whitelist: 0, IPv4: 1, IPv6: 1, Min Delay: 554 ms, Max Speed: 7.51 M/s, Avg Speed: 7.51 M/s, Max Resolution: 1920x1080
Category: 央视频道, Name: CCTV-9, Total: 2, Valid: 1, Valid Percent: 50.00%, Whitelist: 0, IPv4: 1, IPv6: 1, Min Delay: 554 ms, Max Speed: 7.51 M/s, Avg Speed: 7.51 M/s, Max Resolution: 1920x1080
Category: 央视频道, Name: CCTV-10, Total: 2, Valid: 1, Valid Percent: 50.00%, Whitelist: 0, IPv4: 1, IPv6: 1, Min Delay: 554 ms, Max Speed: 7.51 M/s, Avg Speed: 7.51 M/s, Max Resolution: 1920x1080
Category: 央视频道, Name: CCTV-11, Total: 2, Valid: 1, Valid Percent: 50.00%, Whitelist: 0, IPv4: 1, IPv6: 1, Min Delay: 554 ms, Max Speed: 7.51 M/s, Avg Speed: 7.51 M/s, Max Resolution: 1920x1080
Category: 央视频道, Name: CCTV-12, Total: 2, Valid: 1, Valid Percent: 50.00%, Whitelist: 0, IPv4: 1, IPv6: 1, Min Delay: 554 ms, Max Speed: 7.51 M/s, Avg Speed: 7.51 M/s, Max Resolution: 1920x1080
Category: 央视频道, Name: CCTV-13, Total: 2, Valid: 1, Valid Percent: 50.00%, Whitelist: 0, IPv4: 1, IPv6: 1, Min Delay: 554 ms, Max Speed: 7.51 M/s, Avg Speed: 7.51 M/s, Max Resolution: 1920x1080
Category: 央视频道, Name: CCTV-14, Total: 2, Valid: 1, Valid Percent: 50.00%, Whitelist: 0, IPv4: 1, IPv6: 1, Min Delay: 554 ms, Max Speed: 7.51 M/s, Avg Speed: 7.51 M/s, Max Resolution: 1920x1080
Category: 央视频道, Name: CCTV-15, Total: 2, Valid: 1, Valid Percent: 50.00%, Whitelist: 0, IPv4: 1, IPv6: 1, Min Delay: 554 ms, Max Speed: 7.51 M/s, Avg Speed: 7.51 M/s, Max Resolution: 1920x1080
Category: 央视频道, Name: CCTV-16, Total: 4, Valid: 4, Valid Percent: 100.00%, Whitelist: 0, IPv4: 4, IPv6: 0, Min Delay: 554 ms, Max Speed: 7.51 M/s, Avg Speed: 4.30 M/s, Max Resolution: 1920x1080
Category: 央视频道, Name: CCTV-17, Total: 2, Valid: 1, Valid Percent: 50.00%, Whitelist: 0, IPv4: 1, IPv6: 1, Min Delay: 554 ms, Max Speed: 7.51 M/s, Avg Speed: 7.51 M/s, Max Resolution: 1920x1080
Category: 山东, Name: 山东卫视, Total: 104, Valid: 104, Valid Percent: 100.00%, Whitelist: 0, IPv4: 104, IPv6: 0, Min Delay: 490 ms, Max Speed: 7.51 M/s, Avg Speed: 0.97 M/s, Max Resolution: 1920x1080
Category: 山东, Name: 山东齐鲁频道, Total: 93, Valid: 93, Valid Percent: 100.00%, Whitelist: 0, IPv4: 93, IPv6: 0, Min Delay: 490 ms, Max Speed: 7.51 M/s, Avg Speed: 0.94 M/s, Max Resolution: 1920x1080
Category: 山东, Name: 山东综艺频道, Total: 93, Valid: 93, Valid Percent: 100.00%, Whitelist: 0, IPv4: 93, IPv6: 0, Min Delay: 490 ms, Max Speed: 7.51 M/s, Avg Speed: 0.94 M/s, Max Resolution: 1920x1080
Category: 山东, Name: 济南新闻综合, Total: 1, Valid: 1, Valid Percent: 100.00%, Whitelist: 0, IPv4: 1, IPv6: 0, Min Delay: 1568 ms, Max Speed: 0.13 M/s, Avg Speed: 0.13 M/s, Max Resolution: 0x0
Category: 山东, Name: 济南都市, Total: 1, Valid: 1, Valid Percent: 100.00%, Whitelist: 0, IPv4: 1, IPv6: 0, Min Delay: 1568 ms, Max Speed: 0.13 M/s, Avg Speed: 0.13 M/s, Max Resolution: 0x0
Category: 山东, Name: 济南生活, Total: 1, Valid: 1, Valid Percent: 100.00%, Whitelist: 0, IPv4: 1, IPv6: 0, Min Delay: 1568 ms, Max Speed: 0.13 M/s, Avg Speed: 0.13 M/s, Max Resolution: 0x0
Category: 山东, Name: 济南影视, Total: 1, Valid: 1, Valid Percent: 100.00%, Whitelist: 0, IPv4: 1, IPv6: 0, Min Delay: 1568 ms, Max Speed: 0.13 M/s, Avg Speed: 0.13 M/s, Max Resolution: 0x0
Category: 山东, Name: 济南娱乐, Total: 1, Valid: 1, Valid Percent: 100.00%, Whitelist: 0, IPv4: 1, IPv6: 0, Min Delay: 1568 ms, Max Speed: 0.13 M/s, Avg Speed: 0.13 M/s, Max Resolution: 0x0
Category: 山东, Name: 济南少儿, Total: 1, Valid: 1, Valid Percent: 100.00%, Whitelist: 0, IPv4: 1, IPv6: 0, Min Delay: 1568 ms, Max Speed: 0.13 M/s, Avg Speed: 0.13 M/s, Max Resolution: 0x0
Category: 山东, Name: 济南教育, Total: 1, Valid: 1, Valid Percent: 100.00%, Whitelist: 0, IPv4: 1, IPv6: 0, Min Delay: 1568 ms, Max Speed: 0.13 M/s, Avg Speed: 0.13 M/s, Max Resolution: 0x0
Category: 山东, Name: 济南鲁中, Total: 1, Valid: 1, Valid Percent: 100.00%, Whitelist: 0, IPv4: 1, IPv6: 0, Min Delay: 1568 ms, Max Speed: 0.13 M/s, Avg Speed: 0.13 M/s, Max Resolution: 0x0
Category: 山东, Name: 青岛QTV1, Total: 8, Valid: 8, Valid Percent: 100.00%, Whitelist: 0, IPv4: 8, IPv6: 0, Min Delay: 497 ms, Max Speed: 0.91 M/s, Avg Speed: 0.83 M/s, Max Resolution: 1920x1080
Category: 山东, Name: 青岛QTV2, Total: 8, Valid: 8, Valid Percent: 100.00%, Whitelist: 0, IPv4: 8, IPv6: 0, Min Delay: 497 ms, Max Speed: 0.91 M/s, Avg Speed: 0.83 M/s, Max Resolution: 1920x1080
Category: 山东, Name: 青岛QTV3, Total: 8, Valid: 8, Valid Percent: 100.00%, Whitelist: 0, IPv4: 8, IPv6: 0, Min Delay: 497 ms, Max Speed: 0.91 M/s, Avg Speed: 0.83 M/s, Max Resolution: 1920x1080
Category: 山东, Name: 青岛QTV4, Total: 8, Valid: 8, Valid Percent: 100.00%, Whitelist: 0, IPv4: 8, IPv6: 0, Min Delay: 497 ms, Max Speed: 0.91 M/s, Avg Speed: 0.83 M/s, Max Resolution: 1920x1080
Category: 山东, Name: 青岛综合, Total: 8, Valid: 8, Valid Percent: 100.00%, Whitelist: 0, IPv4: 8, IPv6: 0, Min Delay: 497 ms, Max Speed: 0.91 M/s, Avg Speed: 0.83 M/s, Max Resolution: 1920x1080
Category: 山东, Name: 青岛生活, Total: 8, Valid: 8, Valid Percent: 100.00%, Whitelist: 0, IPv4: 8, IPv6: 0, Min Delay: 497 ms, Max Speed: 0.91 M/s, Avg Speed: 0.83 M/s, Max Resolution: 1920x1080
